Starting a Gradle Daemon, 1 busy and 1 stopped Daemons could not be reused, use --status for details
> Task :app:clean FAILED
.\gradlew.bat : 
At line:1 char:52
+ ... udioProjects\PaxRadio; .\gradlew.bat clean build -x test 2>&1 | tee b ...
+                            ~~~~~~~~~~~~~~~~~~~~~~~~~~~~~~~~~~~~~~
    + CategoryInfo          : NotSpecified: (:String) [], RemoteException
    + FullyQualifiedErrorId : NativeCommandError
 
FAILURE: Build failed with an exception.

* What went wrong:
Execution failed for task ':app:clean'.
> java.io.IOException: Unable to delete directory 'C:\Users\Shakur\AndroidStudioProjects\PaxRadio\app\build'
    Failed to delete some children. This might happen because a process has files open or has its working directory set in the target directory.
    - C:\Users\Shakur\AndroidStudioProjects\PaxRadio\app\build\intermediates\compile_and_runtime_not_namespaced_r_class_jar\debug\processDebugResources\R.jar
    - C:\Users\Shakur\AndroidStudioProjects\PaxRadio\app\build\intermediates\compile_and_runtime_not_namespaced_r_class_jar\debug\processDebugResources
    - C:\Users\Shakur\AndroidStudioProjects\PaxRadio\app\build\intermediates\compile_and_runtime_not_namespaced_r_class_jar\debug
    - C:\Users\Shakur\AndroidStudioProjects\PaxRadio\app\build\intermediates\compile_and_runtime_not_namespaced_r_class_jar\release\processReleaseResources\R.jar
    - C:\Users\Shakur\AndroidStudioProjects\PaxRadio\app\build\intermediates\compile_and_runtime_not_namespaced_r_class_jar\release\processReleaseResources
    - C:\Users\Shakur\AndroidStudioProjects\PaxRadio\app\build\intermediates\compile_and_runtime_not_namespaced_r_class_jar\release
    - C:\Users\Shakur\AndroidStudioProjects\PaxRadio\app\build\intermediates\compile_and_runtime_not_namespaced_r_class_jar
    - C:\Users\Shakur\AndroidStudioProjects\PaxRadio\app\build\intermediates\lint-cache\lintAnalyzeDebug\migrated-jars\androidx.compose.runtime.lint.RuntimeIssueRegistry-4d851bea0bfaac9d..jar
    - C:\Users\Shakur\AndroidStudioProjects\PaxRadio\app\build\intermediates\lint-cache\lintAnalyzeDebug\migrated-jars\androidx.lifecycle.lint.LiveDataCoreIssueRegistry-40d4908416c7a8aa..jar
    - C:\Users\Shakur\AndroidStudioProjects\PaxRadio\app\build\intermediates\lint-cache\lintAnalyzeDebug\migrated-jars
    - C:\Users\Shakur\AndroidStudioProjects\PaxRadio\app\build\intermediates\lint-cache\lintAnalyzeDebug
    - C:\Users\Shakur\AndroidStudioProjects\PaxRadio\app\build\intermediates\lint-cache\lintVitalAnalyzeRelease\migrated-jars\androidx.compose.runtime.lint.RuntimeIssueRegistry-4d851bea0bfaac9d..jar
    - C:\Users\Shakur\AndroidStudioProjects\PaxRadio\app\build\intermediates\lint-cache\lintVitalAnalyzeRelease\migrated-jars\androidx.lifecycle.lint.LiveDataCoreIssueRegistry-40d4908416c7a8aa..jar
    - C:\Users\Shakur\AndroidStudioProjects\PaxRadio\app\build\intermediates\lint-cache\lintVitalAnalyzeRelease\migrated-jars
    - C:\Users\Shakur\AndroidStudioProjects\PaxRadio\app\build\intermediates\lint-cache\lintVitalAnalyzeRelease
    - C:\Users\Shakur\AndroidStudioProjects\PaxRadio\app\build\intermediates\lint-cache
    - and more ...
    New files were found. This might happen because a process is still writing to the target directory.
    - C:\Users\Shakur\AndroidStudioProjects\PaxRadio\app\build\intermediates
    - C:\Users\Shakur\AndroidStudioProjects\PaxRadio\app\build\intermediates\lint-cache\lintVitalAnalyzeRelease\maven.google
    - C:\Users\Shakur\AndroidStudioProjects\PaxRadio\app\build\intermediates\lint-cache\lintVitalAnalyzeRelease\maven.google\com
    - C:\Users\Shakur\AndroidStudioProjects\PaxRadio\app\build\intermediates\lint-cache\lintVitalAnalyzeRelease\maven.google\com\android
    - C:\Users\Shakur\AndroidStudioProjects\PaxRadio\app\build\intermediates\lint-cache\lintVitalAnalyzeRelease\maven.google\com\android\application
    - C:\Users\Shakur\AndroidStudioProjects\PaxRadio\app\build\intermediates\lint-cache\lintVitalAnalyzeRelease\maven.google\com\android\application\group-index.xml
    - C:\Users\Shakur\AndroidStudioProjects\PaxRadio\app\build\intermediates\lint-cache\lintVitalAnalyzeRelease\maven.google\androidx
    - C:\Users\Shakur\AndroidStudioProjects\PaxRadio\app\build\intermediates\lint-cache\lintVitalAnalyzeRelease\maven.google\androidx\media3
    - C:\Users\Shakur\AndroidStudioProjects\PaxRadio\app\build\intermediates\lint-cache\lintVitalAnalyzeRelease\maven.google\androidx\media3\group-index.xml

* Try:
> Run with --stacktrace option to get the stack trace.
> Run with --info or --debug option to get more log output.
> Run with --scan to get full insights.
> Get more help at https://help.gradle.org.

BUILD FAILED in 15s
1 actionable task: 1 executed
